// Jest Snapshot v1, https://goo.gl/fbAQLP

exports[`Home decrement counter 1`] = `
<div>
  <div
    class="css-jt3klv"
  >
    Hello :D 
    <br />
    <button
      data-testid="increment-button"
    >
      +
    </button>
    <span
      data-testid="counter"
    >
      -2
    </span>
    <button
      data-testid="decrement-button"
    >
      -
    </button>
  </div>
</div>
`;

exports[`Home default state 1`] = `
<div>
  <div
    class="css-jt3klv"
  >
    Hello :D 
    <br />
    <button
      data-testid="increment-button"
    >
      +
    </button>
    <span
      data-testid="counter"
    >
      0
    </span>
    <button
      data-testid="decrement-button"
    >
      -
    </button>
  </div>
</div>
`;

exports[`Home increment counter 1`] = `
<div>
  <div
    class="css-jt3klv"
  >
    Hello :D 
    <br />
    <button
      data-testid="increment-button"
    >
      +
    </button>
    <span
      data-testid="counter"
    >
      2
    </span>
    <button
      data-testid="decrement-button"
    >
      -
    </button>
  </div>
</div>
`;
